
No compatibility mode selected!


Circuit: * server ngspice syntax smoke

Doing analysis at TEMP = 25.000000 and TNOM = 27.000000

Note: Starting dynamic gmin stepping
Trying gmin =   1.0000E-03 Note: One successful gmin step
Trying gmin =   1.0000E-04 Note: One successful gmin step
Trying gmin =   1.0000E-05 Warning: Further gmin increment
Trying gmin =   5.6234E-05 Note: One successful gmin step
Trying gmin =   2.3714E-05 Note: One successful gmin step
Trying gmin =   6.4938E-06 Warning: Further gmin increment
Trying gmin =   1.7154E-05 Warning: Further gmin increment
Trying gmin =   2.1870E-05 Note: One successful gmin step
Trying gmin =   1.9369E-05 Note: One successful gmin step
Trying gmin =   1.6144E-05 Note: One successful gmin step
Trying gmin =   1.2284E-05 Note: One successful gmin step
Trying gmin =   8.1541E-06 Note: One successful gmin step
Trying gmin =   4.4097E-06 Note: One successful gmin step
Trying gmin =   1.7537E-06 Note: One successful gmin step
Trying gmin =   4.3983E-07 Note: One successful gmin step
Trying gmin =   5.5241E-08 Note: One successful gmin step
Trying gmin =   5.5241E-09 Note: One successful gmin step
Trying gmin =   5.5241E-10 Note: One successful gmin step
Trying gmin =   5.5241E-11 Note: One successful gmin step
Trying gmin =   5.5241E-12 Note: One successful gmin step
Trying gmin =   1.0000E-12 Note: One successful gmin step
Note: Dynamic gmin stepping completed

Initial Transient Solution
--------------------------

Node                                   Voltage
----                                   -------
vdd                                          1
rbl                                          0
dout_1                                0.999994
n_0_0                              8.56902e-06
n_0_1                              8.56902e-06
n_0_2                              8.56902e-06
n_0_3                              8.56902e-06
dout_2                             2.82984e-05
n_1_0                                 0.999998
n_1_1                                 0.999998
n_1_2                                 0.999998
n_1_3                                 0.999998
dout_3                                0.999994
n_2_0                              8.56902e-06
n_2_1                              8.56902e-06
n_2_2                              8.56902e-06
n_2_3                              8.56902e-06
dout_4                             2.82984e-05
n_3_0                                 0.999998
n_3_1                                 0.999998
n_3_2                                 0.999998
n_3_3                                 0.999998
dout_5                                0.999994
n_4_0                              8.56902e-06
n_4_1                              8.56902e-06
n_4_2                              8.56902e-06
n_4_3                              8.56902e-06
dout_6                             2.82984e-05
n_5_0                                 0.999998
n_5_1                                 0.999998
n_5_2                                 0.999998
n_5_3                                 0.999998
dout_7                                0.999994
n_6_0                              8.56902e-06
n_6_1                              8.56902e-06
n_6_2                              8.56902e-06
n_6_3                              8.56902e-06
dout_8                             2.82984e-05
n_7_0                                 0.999998
n_7_1                                 0.999998
n_7_2                                 0.999998
n_7_3                                 0.999998
rbl_delay                             0.999995
n_8_0                              8.56888e-06
n_8_1                              8.56888e-06
n_8_2                              8.56888e-06
n_8_3                              8.56888e-06
vin#branch                         1.27704e-09
vdd_src#branch                    -1.13313e-07


No. of Data Rows : 429
                         * server ngspice syntax smoke
                         Transient Analysis  Sun Jun 28 01:40:32  2026
--------------------------------------------------------------------------------
Index   time            v(rbl)          v(rbl_delay)    
--------------------------------------------------------------------------------
0	0.000000e+00	0.000000e+00	9.999951e-01	
1	1.000000e-14	1.000000e-03	9.999951e-01	
2	2.000000e-14	2.000000e-03	9.999951e-01	
3	4.000000e-14	4.000000e-03	9.999951e-01	
4	8.000000e-14	8.000000e-03	9.999951e-01	
5	1.600000e-13	1.600000e-02	9.999951e-01	
6	3.200000e-13	3.200000e-02	9.999951e-01	
7	6.400000e-13	6.400000e-02	9.999951e-01	
8	1.280000e-12	1.280000e-01	9.999951e-01	
9	2.280000e-12	2.280000e-01	9.999951e-01	
10	3.280000e-12	3.280000e-01	9.999951e-01	
11	4.280000e-12	4.280000e-01	9.999951e-01	
12	5.280000e-12	5.280000e-01	9.999951e-01	
13	6.280000e-12	6.280000e-01	9.999951e-01	
14	7.280000e-12	7.280000e-01	9.999951e-01	
15	8.280000e-12	8.280000e-01	9.999951e-01	
16	9.280000e-12	9.280000e-01	9.999951e-01	
17	1.000000e-11	1.000000e+00	9.999951e-01	
18	1.010000e-11	1.000000e+00	9.999951e-01	
19	1.030000e-11	1.000000e+00	9.999951e-01	
20	1.070000e-11	1.000000e+00	9.999951e-01	
21	1.150000e-11	1.000000e+00	9.999951e-01	
22	1.250000e-11	1.000000e+00	9.999951e-01	
23	1.350000e-11	1.000000e+00	9.999951e-01	
24	1.450000e-11	1.000000e+00	9.999951e-01	
25	1.550000e-11	1.000000e+00	9.999951e-01	
26	1.650000e-11	1.000000e+00	9.999951e-01	
27	1.750000e-11	1.000000e+00	9.999951e-01	
28	1.850000e-11	1.000000e+00	9.999951e-01	
29	1.950000e-11	1.000000e+00	9.999951e-01	
30	2.050000e-11	1.000000e+00	9.999951e-01	
31	2.150000e-11	1.000000e+00	9.999951e-01	
32	2.250000e-11	1.000000e+00	9.999951e-01	
33	2.350000e-11	1.000000e+00	9.999951e-01	
34	2.450000e-11	1.000000e+00	9.999951e-01	
35	2.550000e-11	1.000000e+00	9.999951e-01	
36	2.650000e-11	1.000000e+00	9.999951e-01	
37	2.750000e-11	1.000000e+00	9.999951e-01	
38	2.850000e-11	1.000000e+00	9.999951e-01	
39	2.950000e-11	1.000000e+00	9.999951e-01	
40	3.050000e-11	1.000000e+00	9.999951e-01	
41	3.150000e-11	1.000000e+00	9.999951e-01	
42	3.250000e-11	1.000000e+00	9.999951e-01	
43	3.350000e-11	1.000000e+00	9.999951e-01	
44	3.450000e-11	1.000000e+00	9.999951e-01	
45	3.550000e-11	1.000000e+00	9.999951e-01	
46	3.650000e-11	1.000000e+00	9.999951e-01	
47	3.750000e-11	1.000000e+00	9.999951e-01	
48	3.850000e-11	1.000000e+00	9.999951e-01	
49	3.950000e-11	1.000000e+00	9.999951e-01	
50	4.050000e-11	1.000000e+00	9.999951e-01	
51	4.150000e-11	1.000000e+00	9.999951e-01	
52	4.250000e-11	1.000000e+00	9.999951e-01	
53	4.350000e-11	1.000000e+00	9.999951e-01	
54	4.450000e-11	1.000000e+00	9.999951e-01	

Index   time            v(rbl)          v(rbl_delay)    
--------------------------------------------------------------------------------
55	4.550000e-11	1.000000e+00	9.999951e-01	
56	4.650000e-11	1.000000e+00	9.999951e-01	
57	4.750000e-11	1.000000e+00	9.999951e-01	
58	4.850000e-11	1.000000e+00	9.999951e-01	
59	4.950000e-11	1.000000e+00	9.999951e-01	
60	5.050000e-11	1.000000e+00	9.999951e-01	
61	5.150000e-11	1.000000e+00	9.999951e-01	
62	5.250000e-11	1.000000e+00	9.999951e-01	
63	5.350000e-11	1.000000e+00	9.999951e-01	
64	5.450000e-11	1.000000e+00	9.999951e-01	
65	5.550000e-11	1.000000e+00	9.999951e-01	
66	5.650000e-11	1.000000e+00	9.999951e-01	
67	5.750000e-11	1.000000e+00	9.999951e-01	
68	5.850000e-11	1.000000e+00	9.999951e-01	
69	5.950000e-11	1.000000e+00	9.999951e-01	
70	6.050000e-11	1.000000e+00	9.999951e-01	
71	6.150000e-11	1.000000e+00	9.999951e-01	
72	6.250000e-11	1.000000e+00	9.999951e-01	
73	6.350000e-11	1.000000e+00	9.999951e-01	
74	6.450000e-11	1.000000e+00	9.999951e-01	
75	6.550000e-11	1.000000e+00	9.999951e-01	
76	6.650000e-11	1.000000e+00	9.999951e-01	
77	6.750000e-11	1.000000e+00	9.999951e-01	
78	6.850000e-11	1.000000e+00	9.999951e-01	
79	6.950000e-11	1.000000e+00	9.999951e-01	
80	7.050000e-11	1.000000e+00	9.999951e-01	
81	7.150000e-11	1.000000e+00	9.999951e-01	
82	7.250000e-11	1.000000e+00	9.999951e-01	
83	7.350000e-11	1.000000e+00	9.999951e-01	
84	7.450000e-11	1.000000e+00	9.999951e-01	
85	7.550000e-11	1.000000e+00	9.999951e-01	
86	7.650000e-11	1.000000e+00	9.999951e-01	
87	7.750000e-11	1.000000e+00	9.999951e-01	
88	7.850000e-11	1.000000e+00	9.999951e-01	
89	7.950000e-11	1.000000e+00	9.999951e-01	
90	8.050000e-11	1.000000e+00	9.999951e-01	
91	8.150000e-11	1.000000e+00	9.999951e-01	
92	8.250000e-11	1.000000e+00	9.999951e-01	
93	8.350000e-11	1.000000e+00	9.999951e-01	
94	8.450000e-11	1.000000e+00	9.999951e-01	
95	8.550000e-11	1.000000e+00	9.999951e-01	
96	8.650000e-11	1.000000e+00	9.999951e-01	
97	8.750000e-11	1.000000e+00	9.999951e-01	
98	8.850000e-11	1.000000e+00	9.999950e-01	
99	8.950000e-11	1.000000e+00	9.999950e-01	
100	9.050000e-11	1.000000e+00	9.999950e-01	
101	9.150000e-11	1.000000e+00	9.999950e-01	
102	9.250000e-11	1.000000e+00	9.999950e-01	
103	9.350000e-11	1.000000e+00	9.999950e-01	
104	9.450000e-11	1.000000e+00	9.999950e-01	
105	9.550000e-11	1.000000e+00	9.999950e-01	
106	9.650000e-11	1.000000e+00	9.999950e-01	
107	9.750000e-11	1.000000e+00	9.999950e-01	
108	9.850000e-11	1.000000e+00	9.999951e-01	
109	9.950000e-11	1.000000e+00	9.999951e-01	
110	1.005000e-10	1.000000e+00	9.999952e-01	
111	1.015000e-10	1.000000e+00	9.999952e-01	
112	1.025000e-10	1.000000e+00	9.999952e-01	

Index   time            v(rbl)          v(rbl_delay)    
--------------------------------------------------------------------------------
113	1.035000e-10	1.000000e+00	9.999953e-01	
114	1.045000e-10	1.000000e+00	9.999954e-01	
115	1.055000e-10	1.000000e+00	9.999956e-01	
116	1.065000e-10	1.000000e+00	9.999960e-01	
117	1.075000e-10	1.000000e+00	9.999965e-01	
118	1.085000e-10	1.000000e+00	9.999971e-01	
119	1.095000e-10	1.000000e+00	9.999976e-01	
120	1.100000e-10	1.000000e+00	9.999979e-01	
121	1.101000e-10	9.900000e-01	9.999979e-01	
122	1.103000e-10	9.700000e-01	9.999980e-01	
123	1.107000e-10	9.300000e-01	9.999982e-01	
124	1.115000e-10	8.500000e-01	9.999986e-01	
125	1.125000e-10	7.500000e-01	9.999990e-01	
126	1.135000e-10	6.500000e-01	9.999991e-01	
127	1.145000e-10	5.500000e-01	9.999991e-01	
128	1.155000e-10	4.500000e-01	9.999990e-01	
129	1.165000e-10	3.500000e-01	9.999987e-01	
130	1.175000e-10	2.500000e-01	9.999983e-01	
131	1.185000e-10	1.500000e-01	9.999980e-01	
132	1.195000e-10	5.000000e-02	9.999976e-01	
133	1.200000e-10	0.000000e+00	9.999974e-01	
134	1.201000e-10	0.000000e+00	9.999974e-01	
135	1.203000e-10	0.000000e+00	9.999973e-01	
136	1.207000e-10	0.000000e+00	9.999972e-01	
137	1.215000e-10	0.000000e+00	9.999969e-01	
138	1.225000e-10	0.000000e+00	9.999967e-01	
139	1.235000e-10	0.000000e+00	9.999967e-01	
140	1.245000e-10	0.000000e+00	9.999969e-01	
141	1.255000e-10	0.000000e+00	9.999973e-01	
142	1.265000e-10	0.000000e+00	9.999976e-01	
143	1.275000e-10	0.000000e+00	9.999975e-01	
144	1.285000e-10	0.000000e+00	9.999968e-01	
145	1.295000e-10	0.000000e+00	9.999949e-01	
146	1.305000e-10	0.000000e+00	9.999915e-01	
147	1.315000e-10	0.000000e+00	9.999862e-01	
148	1.325000e-10	0.000000e+00	9.999790e-01	
149	1.335000e-10	0.000000e+00	9.999701e-01	
150	1.345000e-10	0.000000e+00	9.999588e-01	
151	1.355000e-10	0.000000e+00	9.999458e-01	
152	1.365000e-10	0.000000e+00	9.999290e-01	
153	1.375000e-10	0.000000e+00	9.999095e-01	
154	1.385000e-10	0.000000e+00	9.998892e-01	
155	1.395000e-10	0.000000e+00	9.998702e-01	
156	1.405000e-10	0.000000e+00	9.998537e-01	
157	1.415000e-10	0.000000e+00	9.998403e-01	
158	1.425000e-10	0.000000e+00	9.998299e-01	
159	1.435000e-10	0.000000e+00	9.998223e-01	
160	1.445000e-10	0.000000e+00	9.998180e-01	
161	1.455000e-10	0.000000e+00	9.998176e-01	
162	1.465000e-10	0.000000e+00	9.998199e-01	
163	1.475000e-10	0.000000e+00	9.998246e-01	
164	1.485000e-10	0.000000e+00	9.998374e-01	
165	1.495000e-10	0.000000e+00	9.998693e-01	
166	1.505000e-10	0.000000e+00	9.999359e-01	
167	1.515000e-10	0.000000e+00	1.000058e+00	
168	1.525000e-10	0.000000e+00	1.000245e+00	
169	1.535000e-10	0.000000e+00	1.000501e+00	
170	1.545000e-10	0.000000e+00	1.000814e+00	

Index   time            v(rbl)          v(rbl_delay)    
--------------------------------------------------------------------------------
171	1.555000e-10	0.000000e+00	1.001186e+00	
172	1.565000e-10	0.000000e+00	1.001608e+00	
173	1.575000e-10	0.000000e+00	1.002068e+00	
174	1.585000e-10	0.000000e+00	1.002547e+00	
175	1.595000e-10	0.000000e+00	1.003027e+00	
176	1.605000e-10	0.000000e+00	1.003496e+00	
177	1.615000e-10	0.000000e+00	1.003952e+00	
178	1.625000e-10	0.000000e+00	1.004393e+00	
179	1.635000e-10	0.000000e+00	1.004819e+00	
180	1.645000e-10	0.000000e+00	1.005234e+00	
181	1.655000e-10	0.000000e+00	1.005642e+00	
182	1.665000e-10	0.000000e+00	1.006049e+00	
183	1.675000e-10	0.000000e+00	1.006465e+00	
184	1.685000e-10	0.000000e+00	1.006911e+00	
185	1.695000e-10	0.000000e+00	1.007421e+00	
186	1.705000e-10	0.000000e+00	1.008003e+00	
187	1.715000e-10	0.000000e+00	1.008621e+00	
188	1.725000e-10	0.000000e+00	1.009207e+00	
189	1.735000e-10	0.000000e+00	1.009652e+00	
190	1.745000e-10	0.000000e+00	1.009795e+00	
191	1.755000e-10	0.000000e+00	1.009422e+00	
192	1.765000e-10	0.000000e+00	1.008294e+00	
193	1.775000e-10	0.000000e+00	1.006194e+00	
194	1.785000e-10	0.000000e+00	1.003010e+00	
195	1.795000e-10	0.000000e+00	9.983540e-01	
196	1.805000e-10	0.000000e+00	9.918979e-01	
197	1.815000e-10	0.000000e+00	9.829880e-01	
198	1.825000e-10	0.000000e+00	9.713353e-01	
199	1.835000e-10	0.000000e+00	9.569676e-01	
200	1.845000e-10	0.000000e+00	9.401029e-01	
201	1.855000e-10	0.000000e+00	9.210325e-01	
202	1.865000e-10	0.000000e+00	9.000420e-01	
203	1.875000e-10	0.000000e+00	8.773262e-01	
204	1.885000e-10	0.000000e+00	8.530216e-01	
205	1.895000e-10	0.000000e+00	8.273464e-01	
206	1.905000e-10	0.000000e+00	8.005384e-01	
207	1.915000e-10	0.000000e+00	7.723874e-01	
208	1.925000e-10	0.000000e+00	7.425229e-01	
209	1.935000e-10	0.000000e+00	7.113000e-01	
210	1.945000e-10	0.000000e+00	6.797897e-01	
211	1.955000e-10	0.000000e+00	6.488143e-01	
212	1.965000e-10	0.000000e+00	6.186429e-01	
213	1.975000e-10	0.000000e+00	5.897160e-01	
214	1.985000e-10	0.000000e+00	5.622291e-01	
215	1.995000e-10	0.000000e+00	5.368209e-01	
216	2.000000e-10	0.000000e+00	5.251808e-01	
217	2.001000e-10	1.000000e-02	5.229743e-01	
218	2.003000e-10	3.000000e-02	5.186353e-01	
219	2.007000e-10	7.000000e-02	5.103811e-01	
220	2.015000e-10	1.500000e-01	4.954389e-01	
221	2.025000e-10	2.500000e-01	4.793119e-01	
222	2.035000e-10	3.500000e-01	4.655295e-01	
223	2.045000e-10	4.500000e-01	4.535474e-01	
224	2.055000e-10	5.500000e-01	4.426940e-01	
225	2.065000e-10	6.500000e-01	4.323203e-01	
226	2.075000e-10	7.500000e-01	4.219130e-01	
227	2.085000e-10	8.500000e-01	4.107262e-01	
228	2.095000e-10	9.500000e-01	3.968393e-01	

Index   time            v(rbl)          v(rbl_delay)    
--------------------------------------------------------------------------------
229	2.100000e-10	1.000000e+00	3.881173e-01	
230	2.101000e-10	1.000000e+00	3.861656e-01	
231	2.103000e-10	1.000000e+00	3.821519e-01	
232	2.107000e-10	1.000000e+00	3.735351e-01	
233	2.115000e-10	1.000000e+00	3.545451e-01	
234	2.125000e-10	1.000000e+00	3.288788e-01	
235	2.135000e-10	1.000000e+00	3.025036e-01	
236	2.145000e-10	1.000000e+00	2.764536e-01	
237	2.155000e-10	1.000000e+00	2.513327e-01	
238	2.165000e-10	1.000000e+00	2.274663e-01	
239	2.175000e-10	1.000000e+00	2.050435e-01	
240	2.185000e-10	1.000000e+00	1.841706e-01	
241	2.195000e-10	1.000000e+00	1.648917e-01	
242	2.205000e-10	1.000000e+00	1.472050e-01	
243	2.215000e-10	1.000000e+00	1.310753e-01	
244	2.225000e-10	1.000000e+00	1.164430e-01	
245	2.235000e-10	1.000000e+00	1.032298e-01	
246	2.245000e-10	1.000000e+00	9.134617e-02	
247	2.255000e-10	1.000000e+00	8.069593e-02	
248	2.265000e-10	1.000000e+00	7.118082e-02	
249	2.275000e-10	1.000000e+00	6.270293e-02	
250	2.285000e-10	1.000000e+00	5.516827e-02	
251	2.295000e-10	1.000000e+00	4.848720e-02	
252	2.305000e-10	1.000000e+00	4.257562e-02	
253	2.315000e-10	1.000000e+00	3.735518e-02	
254	2.325000e-10	1.000000e+00	3.275319e-02	
255	2.335000e-10	1.000000e+00	2.870282e-02	
256	2.345000e-10	1.000000e+00	2.514257e-02	
257	2.355000e-10	1.000000e+00	2.201687e-02	
258	2.365000e-10	1.000000e+00	1.927755e-02	
259	2.375000e-10	1.000000e+00	1.687611e-02	
260	2.385000e-10	1.000000e+00	1.477242e-02	
261	2.395000e-10	1.000000e+00	1.293001e-02	
262	2.405000e-10	1.000000e+00	1.131702e-02	
263	2.415000e-10	1.000000e+00	9.905294e-03	
264	2.425000e-10	1.000000e+00	8.670291e-03	
265	2.435000e-10	1.000000e+00	7.590131e-03	
266	2.445000e-10	1.000000e+00	6.645917e-03	
267	2.455000e-10	1.000000e+00	5.820814e-03	
268	2.465000e-10	1.000000e+00	5.100340e-03	
269	2.475000e-10	1.000000e+00	4.471630e-03	
270	2.485000e-10	1.000000e+00	3.924279e-03	
271	2.495000e-10	1.000000e+00	3.449445e-03	
272	2.505000e-10	1.000000e+00	3.038790e-03	
273	2.515000e-10	1.000000e+00	2.682603e-03	
274	2.525000e-10	1.000000e+00	2.370936e-03	
275	2.535000e-10	1.000000e+00	2.093078e-03	
276	2.545000e-10	1.000000e+00	1.837463e-03	
277	2.555000e-10	1.000000e+00	1.591302e-03	
278	2.565000e-10	1.000000e+00	1.341871e-03	
279	2.575000e-10	1.000000e+00	1.079598e-03	
280	2.585000e-10	1.000000e+00	8.004980e-04	
281	2.595000e-10	1.000000e+00	4.885586e-04	
282	2.605000e-10	1.000000e+00	1.403416e-04	
283	2.615000e-10	1.000000e+00	-2.77482e-04	
284	2.625000e-10	1.000000e+00	-7.68279e-04	
285	2.635000e-10	1.000000e+00	-1.31779e-03	
286	2.645000e-10	1.000000e+00	-1.90811e-03	

Index   time            v(rbl)          v(rbl_delay)    
--------------------------------------------------------------------------------
287	2.655000e-10	1.000000e+00	-2.52243e-03	
288	2.665000e-10	1.000000e+00	-3.14611e-03	
289	2.675000e-10	1.000000e+00	-3.77007e-03	
290	2.685000e-10	1.000000e+00	-4.38770e-03	
291	2.695000e-10	1.000000e+00	-4.98777e-03	
292	2.705000e-10	1.000000e+00	-5.55305e-03	
293	2.715000e-10	1.000000e+00	-6.08277e-03	
294	2.725000e-10	1.000000e+00	-6.57567e-03	
295	2.735000e-10	1.000000e+00	-6.97477e-03	
296	2.745000e-10	1.000000e+00	-7.14558e-03	
297	2.755000e-10	1.000000e+00	-6.86418e-03	
298	2.765000e-10	1.000000e+00	-5.84744e-03	
299	2.775000e-10	1.000000e+00	-3.86373e-03	
300	2.785000e-10	1.000000e+00	-6.19967e-04	
301	2.795000e-10	1.000000e+00	4.008423e-03	
302	2.805000e-10	1.000000e+00	1.022728e-02	
303	2.815000e-10	1.000000e+00	1.814709e-02	
304	2.825000e-10	1.000000e+00	2.781493e-02	
305	2.835000e-10	1.000000e+00	3.916952e-02	
306	2.845000e-10	1.000000e+00	5.207347e-02	
307	2.855000e-10	1.000000e+00	6.639581e-02	
308	2.865000e-10	1.000000e+00	8.203532e-02	
309	2.875000e-10	1.000000e+00	9.889020e-02	
310	2.885000e-10	1.000000e+00	1.168574e-01	
311	2.895000e-10	1.000000e+00	1.358544e-01	
312	2.905000e-10	1.000000e+00	1.558332e-01	
313	2.915000e-10	1.000000e+00	1.767762e-01	
314	2.925000e-10	1.000000e+00	1.987190e-01	
315	2.935000e-10	1.000000e+00	2.218541e-01	
316	2.945000e-10	1.000000e+00	2.465713e-01	
317	2.955000e-10	1.000000e+00	2.732162e-01	
318	2.965000e-10	1.000000e+00	3.018595e-01	
319	2.975000e-10	1.000000e+00	3.322820e-01	
320	2.985000e-10	1.000000e+00	3.640670e-01	
321	2.995000e-10	1.000000e+00	3.967993e-01	
322	3.005000e-10	1.000000e+00	4.302126e-01	
323	3.015000e-10	1.000000e+00	4.650657e-01	
324	3.025000e-10	1.000000e+00	5.007880e-01	
325	3.035000e-10	1.000000e+00	5.364768e-01	
326	3.045000e-10	1.000000e+00	5.711558e-01	
327	3.055000e-10	1.000000e+00	6.034337e-01	
328	3.065000e-10	1.000000e+00	6.326876e-01	
329	3.075000e-10	1.000000e+00	6.593863e-01	
330	3.085000e-10	1.000000e+00	6.844664e-01	
331	3.095000e-10	1.000000e+00	7.087093e-01	
332	3.100000e-10	1.000000e+00	7.205098e-01	
333	3.101000e-10	9.900000e-01	7.228248e-01	
334	3.103000e-10	9.700000e-01	7.274426e-01	
335	3.107000e-10	9.300000e-01	7.365370e-01	
336	3.115000e-10	8.500000e-01	7.544810e-01	
337	3.125000e-10	7.500000e-01	7.796326e-01	
338	3.135000e-10	6.500000e-01	8.112970e-01	
339	3.145000e-10	5.500000e-01	8.468672e-01	
340	3.155000e-10	4.500000e-01	8.803918e-01	
341	3.165000e-10	3.500000e-01	9.086781e-01	
342	3.175000e-10	2.500000e-01	9.312097e-01	
343	3.185000e-10	1.500000e-01	9.486204e-01	
344	3.195000e-10	5.000000e-02	9.618161e-01	

Index   time            v(rbl)          v(rbl_delay)    
--------------------------------------------------------------------------------
345	3.200000e-10	0.000000e+00	9.670924e-01	
346	3.201000e-10	0.000000e+00	9.680423e-01	
347	3.203000e-10	0.000000e+00	9.698874e-01	
348	3.207000e-10	0.000000e+00	9.732681e-01	
349	3.215000e-10	0.000000e+00	9.789460e-01	
350	3.225000e-10	0.000000e+00	9.843667e-01	
351	3.235000e-10	0.000000e+00	9.883508e-01	
352	3.245000e-10	0.000000e+00	9.912730e-01	
353	3.255000e-10	0.000000e+00	9.934168e-01	
354	3.265000e-10	0.000000e+00	9.949914e-01	
355	3.275000e-10	0.000000e+00	9.961508e-01	
356	3.285000e-10	0.000000e+00	9.970076e-01	
357	3.295000e-10	0.000000e+00	9.976439e-01	
358	3.305000e-10	0.000000e+00	9.981187e-01	
359	3.315000e-10	0.000000e+00	9.984750e-01	
360	3.325000e-10	0.000000e+00	9.987441e-01	
361	3.335000e-10	0.000000e+00	9.989490e-01	
362	3.345000e-10	0.000000e+00	9.991050e-01	
363	3.355000e-10	0.000000e+00	9.992241e-01	
364	3.365000e-10	0.000000e+00	9.993136e-01	
365	3.375000e-10	0.000000e+00	9.993808e-01	
366	3.385000e-10	0.000000e+00	9.994325e-01	
367	3.395000e-10	0.000000e+00	9.994738e-01	
368	3.405000e-10	0.000000e+00	9.995083e-01	
369	3.415000e-10	0.000000e+00	9.995384e-01	
370	3.425000e-10	0.000000e+00	9.995654e-01	
371	3.435000e-10	0.000000e+00	9.995897e-01	
372	3.445000e-10	0.000000e+00	9.996121e-01	
373	3.455000e-10	0.000000e+00	9.996359e-01	
374	3.465000e-10	0.000000e+00	9.996597e-01	
375	3.475000e-10	0.000000e+00	9.996840e-01	
376	3.485000e-10	0.000000e+00	9.997159e-01	
377	3.495000e-10	0.000000e+00	9.997673e-01	
378	3.505000e-10	0.000000e+00	9.998536e-01	
379	3.515000e-10	0.000000e+00	9.999939e-01	
380	3.525000e-10	0.000000e+00	1.000206e+00	
381	3.535000e-10	0.000000e+00	1.000482e+00	
382	3.545000e-10	0.000000e+00	1.000815e+00	
383	3.555000e-10	0.000000e+00	1.001206e+00	
384	3.565000e-10	0.000000e+00	1.001644e+00	
385	3.575000e-10	0.000000e+00	1.002116e+00	
386	3.585000e-10	0.000000e+00	1.002603e+00	
387	3.595000e-10	0.000000e+00	1.003087e+00	
388	3.605000e-10	0.000000e+00	1.003559e+00	
389	3.615000e-10	0.000000e+00	1.004016e+00	
390	3.625000e-10	0.000000e+00	1.004457e+00	
391	3.635000e-10	0.000000e+00	1.004884e+00	
392	3.645000e-10	0.000000e+00	1.005300e+00	
393	3.655000e-10	0.000000e+00	1.005709e+00	
394	3.665000e-10	0.000000e+00	1.006118e+00	
395	3.675000e-10	0.000000e+00	1.006537e+00	
396	3.685000e-10	0.000000e+00	1.006993e+00	
397	3.695000e-10	0.000000e+00	1.007516e+00	
398	3.705000e-10	0.000000e+00	1.008107e+00	
399	3.715000e-10	0.000000e+00	1.008723e+00	
400	3.725000e-10	0.000000e+00	1.009288e+00	
401	3.735000e-10	0.000000e+00	1.009684e+00	
402	3.745000e-10	0.000000e+00	1.009740e+00	

Index   time            v(rbl)          v(rbl_delay)    
--------------------------------------------------------------------------------
403	3.755000e-10	0.000000e+00	1.009232e+00	
404	3.765000e-10	0.000000e+00	1.007926e+00	
405	3.775000e-10	0.000000e+00	1.005622e+00	
406	3.785000e-10	0.000000e+00	1.002161e+00	
407	3.795000e-10	0.000000e+00	9.972048e-01	
408	3.805000e-10	0.000000e+00	9.903007e-01	
409	3.815000e-10	0.000000e+00	9.808622e-01	
410	3.825000e-10	0.000000e+00	9.686662e-01	
411	3.835000e-10	0.000000e+00	9.537899e-01	
412	3.845000e-10	0.000000e+00	9.364721e-01	
413	3.855000e-10	0.000000e+00	9.170093e-01	
414	3.865000e-10	0.000000e+00	8.956737e-01	
415	3.875000e-10	0.000000e+00	8.726405e-01	
416	3.885000e-10	0.000000e+00	8.480504e-01	
417	3.895000e-10	0.000000e+00	8.221491e-01	
418	3.905000e-10	0.000000e+00	7.951161e-01	
419	3.915000e-10	0.000000e+00	7.666501e-01	
420	3.925000e-10	0.000000e+00	7.364679e-01	
421	3.935000e-10	0.000000e+00	7.050981e-01	
422	3.945000e-10	0.000000e+00	6.736726e-01	
423	3.955000e-10	0.000000e+00	6.428040e-01	
424	3.965000e-10	0.000000e+00	6.128769e-01	
425	3.975000e-10	0.000000e+00	5.842046e-01	
426	3.985000e-10	0.000000e+00	5.570623e-01	
427	3.995000e-10	0.000000e+00	5.321784e-01	
428	4.000000e-10	0.000000e+00	5.208718e-01	


Total analysis time (seconds) = 0.163

Total elapsed time (seconds) = 0.168 

Total DRAM available = 515580.883 MB.
DRAM currently available = 76022.160 MB.
Maximum ngspice program size =   28.992 MB.
Current ngspice program size =   13.598 MB.

Shared ngspice pages =   10.941 MB.
Text (code) pages =    5.316 MB.
Stack = 0 bytes.
Library pages =   10.738 MB.

